

================================================================
== Vivado HLS Report for 'sqrt_fixed_33_33_s'
================================================================
* Date:           Sun Dec  5 18:58:35 2021

* Version:        2019.1 (Build 2552052 on Fri May 24 15:28:33 MDT 2019)
* Project:        proj0
* Solution:       solution1
* Product family: virtexuplus
* Target device:  xcvu9p-flga2104-2L-e


================================================================
== Performance Estimates
================================================================
+ Timing (ns): 
    * Summary: 
    +--------+-------+----------+------------+
    |  Clock | Target| Estimated| Uncertainty|
    +--------+-------+----------+------------+
    |ap_clk  |   4.17|     3.611|        0.52|
    +--------+-------+----------+------------+

+ Latency (clock cycles): 
    * Summary: 
    +-----+-----+-----+-----+----------+
    |  Latency  |  Interval | Pipeline |
    | min | max | min | max |   Type   |
    +-----+-----+-----+-----+----------+
    |    4|    4|    1|    1| function |
    +-----+-----+-----+-----+----------+

    + Detail: 
        * Instance: 
        N/A

        * Loop: 
        N/A



================================================================
== Utilization Estimates
================================================================
* Summary: 
+---------------------+---------+-------+---------+---------+-----+
|         Name        | BRAM_18K| DSP48E|    FF   |   LUT   | URAM|
+---------------------+---------+-------+---------+---------+-----+
|DSP                  |        -|      -|        -|        -|    -|
|Expression           |        -|      -|        0|     1306|    -|
|FIFO                 |        -|      -|        -|        -|    -|
|Instance             |        -|      -|        -|        -|    -|
|Memory               |        -|      -|        -|        -|    -|
|Multiplexer          |        -|      -|        -|        9|    -|
|Register             |        -|      -|      313|        -|    -|
+---------------------+---------+-------+---------+---------+-----+
|Total                |        0|      0|      313|     1315|    0|
+---------------------+---------+-------+---------+---------+-----+
|Available SLR        |     1440|   2280|   788160|   394080|  320|
+---------------------+---------+-------+---------+---------+-----+
|Utilization SLR (%)  |        0|      0|    ~0   |    ~0   |    0|
+---------------------+---------+-------+---------+---------+-----+
|Available            |     4320|   6840|  2364480|  1182240|  960|
+---------------------+---------+-------+---------+---------+-----+
|Utilization (%)      |        0|      0|    ~0   |    ~0   |    0|
+---------------------+---------+-------+---------+---------+-----+

+ Detail: 
    * Instance: 
    N/A

    * DSP48E: 
    N/A

    * Memory: 
    N/A

    * FIFO: 
    N/A

    * Expression: 
    +----------------------------+----------+-------+---+----+------------+------------+
    |        Variable Name       | Operation| DSP48E| FF| LUT| Bitwidth P0| Bitwidth P1|
    +----------------------------+----------+-------+---+----+------------+------------+
    |add_ln248_fu_240_p2         |     +    |      0|  0|   4|           2|           3|
    |res_I_V_fu_1480_p2          |     +    |      0|  0|  17|           1|          17|
    |sub_ln248_10_fu_1113_p2     |     -    |      0|  0|  15|          15|          15|
    |sub_ln248_11_fu_1195_p2     |     -    |      0|  0|  16|          16|          16|
    |sub_ln248_12_fu_1277_p2     |     -    |      0|  0|  17|          17|          17|
    |sub_ln248_13_fu_1352_p2     |     -    |      0|  0|  18|          18|          18|
    |sub_ln248_14_fu_1418_p2     |     -    |      0|  0|  19|          19|          19|
    |sub_ln248_1_fu_396_p2       |     -    |      0|  0|   6|           6|           6|
    |sub_ln248_2_fu_471_p2       |     -    |      0|  0|   7|           7|           7|
    |sub_ln248_3_fu_553_p2       |     -    |      0|  0|   8|           8|           8|
    |sub_ln248_4_fu_635_p2       |     -    |      0|  0|   9|           9|           9|
    |sub_ln248_5_fu_717_p2       |     -    |      0|  0|  10|          10|          10|
    |sub_ln248_6_fu_792_p2       |     -    |      0|  0|  11|          11|          11|
    |sub_ln248_7_fu_874_p2       |     -    |      0|  0|  12|          12|          12|
    |sub_ln248_8_fu_956_p2       |     -    |      0|  0|  13|          13|          13|
    |sub_ln248_9_fu_1038_p2      |     -    |      0|  0|  14|          14|          14|
    |sub_ln248_fu_314_p2         |     -    |      0|  0|   6|           5|           5|
    |icmp_ln1494_fu_1474_p2      |   icmp   |      0|  0|  21|          36|          36|
    |icmp_ln488_10_fu_1032_p2    |   icmp   |      0|  0|  13|          14|          14|
    |icmp_ln488_11_fu_1107_p2    |   icmp   |      0|  0|  13|          15|          15|
    |icmp_ln488_12_fu_1189_p2    |   icmp   |      0|  0|  13|          16|          16|
    |icmp_ln488_13_fu_1271_p2    |   icmp   |      0|  0|  20|          17|          17|
    |icmp_ln488_14_fu_1346_p2    |   icmp   |      0|  0|  20|          18|          18|
    |icmp_ln488_15_fu_1412_p2    |   icmp   |      0|  0|  20|          19|          19|
    |icmp_ln488_1_fu_308_p2      |   icmp   |      0|  0|  11|           5|           5|
    |icmp_ln488_2_fu_390_p2      |   icmp   |      0|  0|  11|           6|           6|
    |icmp_ln488_3_fu_465_p2      |   icmp   |      0|  0|  11|           7|           7|
    |icmp_ln488_4_fu_547_p2      |   icmp   |      0|  0|  11|           8|           8|
    |icmp_ln488_5_fu_629_p2      |   icmp   |      0|  0|  13|           9|           9|
    |icmp_ln488_6_fu_711_p2      |   icmp   |      0|  0|  13|          10|          10|
    |icmp_ln488_7_fu_786_p2      |   icmp   |      0|  0|  13|          11|          11|
    |icmp_ln488_8_fu_868_p2      |   icmp   |      0|  0|  13|          12|          12|
    |icmp_ln488_9_fu_950_p2      |   icmp   |      0|  0|  13|          13|          13|
    |icmp_ln488_fu_234_p2        |   icmp   |      0|  0|   8|           2|           1|
    |p_Val2_s_fu_1486_p3         |  select  |      0|  0|  17|           1|          17|
    |select_ln488_10_fu_663_p3   |  select  |      0|  0|  17|           1|          17|
    |select_ln488_11_fu_671_p3   |  select  |      0|  0|  36|           1|          36|
    |select_ln488_12_fu_742_p3   |  select  |      0|  0|  17|           1|          17|
    |select_ln488_13_fu_748_p3   |  select  |      0|  0|  36|           1|          36|
    |select_ln488_14_fu_820_p3   |  select  |      0|  0|  17|           1|          17|
    |select_ln488_15_fu_828_p3   |  select  |      0|  0|  36|           1|          36|
    |select_ln488_16_fu_902_p3   |  select  |      0|  0|  17|           1|          17|
    |select_ln488_17_fu_910_p3   |  select  |      0|  0|  36|           1|          36|
    |select_ln488_18_fu_984_p3   |  select  |      0|  0|  17|           1|          17|
    |select_ln488_19_fu_992_p3   |  select  |      0|  0|  36|           1|          36|
    |select_ln488_1_fu_270_p3    |  select  |      0|  0|  36|           1|          36|
    |select_ln488_20_fu_1063_p3  |  select  |      0|  0|  17|           1|          17|
    |select_ln488_21_fu_1069_p3  |  select  |      0|  0|  36|           1|          36|
    |select_ln488_22_fu_1141_p3  |  select  |      0|  0|  17|           1|          17|
    |select_ln488_23_fu_1149_p3  |  select  |      0|  0|  36|           1|          36|
    |select_ln488_24_fu_1223_p3  |  select  |      0|  0|  17|           1|          17|
    |select_ln488_25_fu_1231_p3  |  select  |      0|  0|  36|           1|          36|
    |select_ln488_26_fu_1302_p3  |  select  |      0|  0|  17|           1|          17|
    |select_ln488_27_fu_1308_p3  |  select  |      0|  0|  36|           1|          36|
    |select_ln488_28_fu_1380_p3  |  select  |      0|  0|  17|           1|          17|
    |select_ln488_29_fu_1388_p3  |  select  |      0|  0|  36|           1|          36|
    |select_ln488_2_fu_342_p3    |  select  |      0|  0|  17|           1|          17|
    |select_ln488_30_fu_1446_p3  |  select  |      0|  0|  17|           1|          17|
    |select_ln488_31_fu_1454_p3  |  select  |      0|  0|  36|           1|          36|
    |select_ln488_32_fu_278_p3   |  select  |      0|  0|   3|           1|           1|
    |select_ln488_3_fu_350_p3    |  select  |      0|  0|  36|           1|          36|
    |select_ln488_4_fu_421_p3    |  select  |      0|  0|  17|           1|          17|
    |select_ln488_5_fu_427_p3    |  select  |      0|  0|  36|           1|          36|
    |select_ln488_6_fu_499_p3    |  select  |      0|  0|  17|           1|          17|
    |select_ln488_7_fu_507_p3    |  select  |      0|  0|  36|           1|          36|
    |select_ln488_8_fu_581_p3    |  select  |      0|  0|  17|           1|          17|
    |select_ln488_9_fu_589_p3    |  select  |      0|  0|  36|           1|          36|
    |select_ln488_fu_262_p3      |  select  |      0|  0|  16|           1|           1|
    +----------------------------+----------+-------+---+----+------------+------------+
    |Total                       |          |      0|  0|1306|         435|        1267|
    +----------------------------+----------+-------+---+----+------------+------------+

    * Multiplexer: 
    +-----------+----+-----------+-----+-----------+
    |    Name   | LUT| Input Size| Bits| Total Bits|
    +-----------+----+-----------+-----+-----------+
    |ap_return  |   9|          2|   17|         34|
    +-----------+----+-----------+-----+-----------+
    |Total      |   9|          2|   17|         34|
    +-----------+----+-----------+-----+-----------+

    * Register: 
    +--------------------------+----+----+-----+-----------+
    |           Name           | FF | LUT| Bits| Const Bits|
    +--------------------------+----+----+-----+-----------+
    |ap_ce_reg                 |   1|   0|    1|          0|
    |ap_return_int_reg         |  17|   0|   17|          0|
    |icmp_ln488_10_reg_1552    |   1|   0|    1|          0|
    |icmp_ln488_13_reg_1575    |   1|   0|    1|          0|
    |icmp_ln488_2_reg_1506     |   1|   0|    1|          0|
    |icmp_ln488_6_reg_1529     |   1|   0|    1|          0|
    |select_ln488_10_reg_1517  |  17|   0|   17|          0|
    |select_ln488_11_reg_1523  |  36|   0|   36|          0|
    |select_ln488_18_reg_1540  |  17|   0|   17|          0|
    |select_ln488_19_reg_1546  |  36|   0|   36|          0|
    |select_ln488_24_reg_1563  |  17|   0|   17|          0|
    |select_ln488_25_reg_1569  |  36|   0|   36|          0|
    |select_ln488_2_reg_1494   |  17|   0|   17|          0|
    |select_ln488_3_reg_1500   |  36|   0|   36|          0|
    |sub_ln248_12_reg_1581     |  17|   0|   17|          0|
    |sub_ln248_1_reg_1512      |   6|   0|    6|          0|
    |sub_ln248_5_reg_1535      |  10|   0|   10|          0|
    |sub_ln248_9_reg_1558      |  14|   0|   14|          0|
    |x_V_int_reg               |  32|   0|   32|          0|
    +--------------------------+----+----+-----+-----------+
    |Total                     | 313|   0|  313|          0|
    +--------------------------+----+----+-----+-----------+



================================================================
== Interface
================================================================
* Summary: 
+-----------+-----+-----+------------+--------------------+--------------+
| RTL Ports | Dir | Bits|  Protocol  |    Source Object   |    C Type    |
+-----------+-----+-----+------------+--------------------+--------------+
|ap_clk     |  in |    1| ap_ctrl_hs | sqrt_fixed<33, 33> | return value |
|ap_rst     |  in |    1| ap_ctrl_hs | sqrt_fixed<33, 33> | return value |
|ap_return  | out |   17| ap_ctrl_hs | sqrt_fixed<33, 33> | return value |
|ap_ce      |  in |    1| ap_ctrl_hs | sqrt_fixed<33, 33> | return value |
|x_V        |  in |   32|   ap_none  |         x_V        |    scalar    |
+-----------+-----+-----+------------+--------------------+--------------+

